// Jest Snapshot v1, https://goo.gl/fbAQLP

exports[`NavBar renders a snapshot properly 1`] = `
<nav
  className="navbar is-dark"
  role="navigation"
  style={Object {}}
>
  <div
    className="navbar-brand"
    style={Object {}}
  >
    <div
      className="navbar-item"
      href="#"
      style={Object {}}
    >
      <a
        className="navbar-item"
        href="/"
        style={Object {}}
      />
    </div>
    <div
      className="navbar-burger"
      onClick={[Function]}
      role="button"
      style={
        Object {
          "outline": "none",
        }
      }
      tabIndex="0"
    >
      <span />
      <span />
      <span />
    </div>
  </div>
  <div
    className="navbar-menu"
    style={Object {}}
  >
    <div
      className="navbar-start"
      style={Object {}}
    >
      <a
        className="navbar-item"
        href="/about"
        style={Object {}}
      >
        About
      </a>
    </div>
    <div
      className="navbar-end"
      style={Object {}}
    >
      <a
        className="navbar-item"
        href="#"
        style={Object {}}
      >
        At the end
      </a>
    </div>
  </div>
</nav>
`;
